{
  logsForTarget: [
    {
      MessageTemplate: {
        Text: 'Hello from {@Saga}. Message: {@Message}'
      },
      Level: 'Information',
      Properties: {
        Saga: {
          Value: 'TheSaga'
        },
        Message: {
          TypeTag: 'StartSaga',
          Properties: [
            {
              Name: 'Property',
              Value: {
                Value: 'TheProperty'
              }
            }
          ]
        },
        Handler: {
          Value: 'TheSaga'
        },
        IncomingMessageId: {
          Value: 'Guid 1'
        },
        IncomingMessageType: {
          Value: 'StartSaga'
        },
        CorrelationId: {
          Value: 'Guid 1'
        },
        ConversationId: {
          Value: 'Guid 2'
        },
        SourceContext: {
          Value: 'StartSaga'
        },
        ProcessingEndpoint: {
          Value: 'SerilogTestsStartSaga'
        }
      }
    },
    {
      MessageTemplate: {
        Text: 'Receive message {IncomingMessageType} {IncomingMessageId}.'
      },
      Level: 'Information',
      Properties: {
        IncomingMessage: {
          TypeTag: 'StartSaga',
          Properties: [
            {
              Name: 'Property',
              Value: {
                Value: 'TheProperty'
              }
            }
          ]
        },
        OriginatingHostId: {
          Value: 'Guid 3'
        },
        MessageIntent: {
          Value: 'Send'
        },
        OriginatingEndpoint: {
          Value: 'SerilogTestsStartSaga'
        },
        OriginatingMachine: {
          Value: 'MachineName'
        },
        ReplyToAddress: {
          Value: 'SerilogTestsStartSaga'
        },
        IncomingMessageId: {
          Value: 'Guid 1'
        },
        IncomingMessageType: {
          Value: 'StartSaga'
        },
        CorrelationId: {
          Value: 'Guid 1'
        },
        ConversationId: {
          Value: 'Guid 2'
        },
        SourceContext: {
          Value: 'StartSaga'
        },
        ProcessingEndpoint: {
          Value: 'SerilogTestsStartSaga'
        }
      }
    },
    {
      MessageTemplate: {
        Text: 'Saga execution \'{SagaType}\' \'{SagaId}\'.'
      },
      Level: 'Information',
      Properties: {
        SagaType: {
          Value: 'TheSaga'
        },
        SagaId: {
          Value: 'Guid 4'
        },
        StartTime: {
          Value: 'DateTimeOffset 1'
        },
        FinishTime: {
          Value: 'DateTimeOffset 2'
        },
        IsCompleted: {
          Value: false
        },
        IsNew: {
          Value: true
        },
        Initiator: {
          TypeTag: 'SagaChangeInitiator',
          Properties: [
            {
              Name: 'InitiatingMessageId',
              Value: {
                Value: 'Guid 1'
              }
            },
            {
              Name: 'MessageType',
              Value: {
                Value: 'StartSaga'
              }
            },
            {
              Name: 'IsSagaTimeoutMessage',
              Value: {
                Value: false
              }
            },
            {
              Name: 'TimeSent',
              Value: {
                Value: 'DateTime 1'
              }
            },
            {
              Name: 'OriginatingMachine',
              Value: {
                Value: 'MachineName'
              }
            },
            {
              Name: 'OriginatingEndpoint',
              Value: {
                Value: 'SerilogTestsStartSaga'
              }
            },
            {
              Name: 'Intent',
              Value: {
                Value: 'Send'
              }
            }
          ]
        },
        ResultingMessages: {
          Elements: [
            {
              TypeTag: 'SagaChangeOutput',
              Properties: [
                {
                  Name: 'MessageType',
                  Value: {
                    Value: 'BackIntoSaga'
                  }
                },
                {
                  Name: 'Destination',
                  Value: {
                    Value: 'SerilogTestsStartSaga'
                  }
                },
                {
                  Name: 'ResultingMessageId',
                  Value: {
                    Value: 'Guid 5'
                  }
                },
                {
                  Name: 'MessageIntent',
                  Value: {
                    Value: 'Send'
                  }
                }
              ]
            }
          ]
        },
        Entity: {
          TypeTag: 'TheSagaData',
          Properties: [
            {
              Name: 'Property',
              Value: {
                Value: 'TheProperty'
              }
            },
            {
              Name: 'Id',
              Value: {
                Value: 'Guid 4'
              }
            },
            {
              Name: 'Originator',
              Value: {
                Value: 'SerilogTestsStartSaga'
              }
            },
            {
              Name: 'OriginalMessageId',
              Value: {
                Value: 'Guid 1'
              }
            }
          ]
        },
        IncomingMessageId: {
          Value: 'Guid 1'
        },
        IncomingMessageType: {
          Value: 'StartSaga'
        },
        CorrelationId: {
          Value: 'Guid 1'
        },
        ConversationId: {
          Value: 'Guid 2'
        },
        SourceContext: {
          Value: 'StartSaga'
        },
        ProcessingEndpoint: {
          Value: 'SerilogTestsStartSaga'
        }
      }
    },
    {
      MessageTemplate: {
        Text: 'Sent message {OutgoingMessageType} {OutgoingMessageId}.'
      },
      Level: 'Information',
      Properties: {
        OutgoingMessage: {
          TypeTag: 'StartSaga',
          Properties: [
            {
              Name: 'Property',
              Value: {
                Value: 'TheProperty'
              }
            }
          ]
        },
        UnicastRoutes: {
          Elements: [
            {
              Value: 'SerilogTestsStartSaga'
            }
          ]
        },
        OriginatingHostId: {
          Value: 'Guid 3'
        },
        MessageIntent: {
          Value: 'Send'
        },
        OriginatingEndpoint: {
          Value: 'SerilogTestsStartSaga'
        },
        OriginatingMachine: {
          Value: 'MachineName'
        },
        ReplyToAddress: {
          Value: 'SerilogTestsStartSaga'
        },
        OutgoingMessageId: {
          Value: 'Guid 1'
        },
        OutgoingMessageType: {
          Value: 'StartSaga'
        },
        CorrelationId: {
          Value: 'Guid 1'
        },
        ConversationId: {
          Value: 'Guid 2'
        },
        SourceContext: {
          Value: 'StartSaga'
        },
        ProcessingEndpoint: {
          Value: 'SerilogTestsStartSaga'
        }
      }
    },
    {
      MessageTemplate: {
        Text: 'Sent message {OutgoingMessageType} {OutgoingMessageId}.'
      },
      Level: 'Information',
      Properties: {
        OutgoingMessage: {
          TypeTag: 'BackIntoSaga',
          Properties: [
            {
              Name: 'Property',
              Value: {
                Value: 'TheProperty'
              }
            }
          ]
        },
        UnicastRoutes: {
          Elements: [
            {
              Value: 'SerilogTestsStartSaga'
            }
          ]
        },
        OriginatingHostId: {
          Value: 'Guid 3'
        },
        MessageIntent: {
          Value: 'Send'
        },
        OriginatingEndpoint: {
          Value: 'SerilogTestsStartSaga'
        },
        OriginatingMachine: {
          Value: 'MachineName'
        },
        OriginatingSagaId: {
          Value: 'Guid 4'
        },
        OriginatingSagaType: {
          Value: 'TheSaga, Tests, Version=1.0.0.0, Culture=neutral, PublicKeyToken=ce8ec7717ba6fbb6'
        },
        RelatedTo: {
          Value: 'Guid 1'
        },
        ReplyToAddress: {
          Value: 'SerilogTestsStartSaga'
        },
        Handler: {
          Value: 'TheSaga'
        },
        IncomingMessageId: {
          Value: 'Guid 1'
        },
        IncomingMessageType: {
          Value: 'StartSaga'
        },
        CorrelationId: {
          Value: 'Guid 1'
        },
        ConversationId: {
          Value: 'Guid 2'
        },
        SourceContext: {
          Value: 'StartSaga'
        },
        ProcessingEndpoint: {
          Value: 'SerilogTestsStartSaga'
        }
      }
    }
  ]
}
