{
  logsForTarget: [
    {
      MessageTemplate: {
        Text: 'Hello from {@Handler}.'
      },
      Level: 'Information',
      Properties: {
        Handler: 'TheHandler',
        IncomingMessageId: 'Guid 1',
        IncomingMessageType: 'StartHandler',
        CorrelationId: 'Guid 1',
        ConversationId: 'Guid 2',
        SourceContext: 'StartHandler',
        ProcessingEndpoint: 'SerilogTestsStartHandler'
      }
    },
    {
      MessageTemplate: {
        Text: 'Receive message {IncomingMessageType} {IncomingMessageId}.'
      },
      Level: 'Information',
      Properties: {
        IncomingMessage: {
          TypeTag: 'StartHandler',
          Properties: [
            {
              Property: 'TheProperty'
            }
          ]
        },
        OriginatingHostId: 'Guid 3',
        MessageIntent: 'Send',
        OriginatingEndpoint: 'SerilogTestsStartHandler',
        OriginatingMachine: 'MachineName',
        ReplyToAddress: 'SerilogTestsStartHandler',
        IncomingMessageId: 'Guid 1',
        IncomingMessageType: 'StartHandler',
        CorrelationId: 'Guid 1',
        ConversationId: 'Guid 2',
        SourceContext: 'StartHandler',
        ProcessingEndpoint: 'SerilogTestsStartHandler'
      }
    },
    {
      MessageTemplate: {
        Text: 'Sent message {OutgoingMessageType} {OutgoingMessageId}.'
      },
      Level: 'Information',
      Properties: {
        OutgoingMessage: {
          TypeTag: 'StartHandler',
          Properties: [
            {
              Property: 'TheProperty'
            }
          ]
        },
        UnicastRoutes: {
          Elements: [
            'SerilogTestsStartHandler'
          ]
        },
        OriginatingHostId: 'Guid 3',
        MessageIntent: 'Send',
        OriginatingEndpoint: 'SerilogTestsStartHandler',
        OriginatingMachine: 'MachineName',
        ReplyToAddress: 'SerilogTestsStartHandler',
        OutgoingMessageId: 'Guid 1',
        OutgoingMessageType: 'StartHandler',
        CorrelationId: 'Guid 1',
        ConversationId: 'Guid 2',
        SourceContext: 'StartHandler',
        ProcessingEndpoint: 'SerilogTestsStartHandler'
      }
    }
  ]
}
