{
  logsForTarget: [
    {
      MessageTemplate: 'Receive message {IncomingMessageType} {IncomingMessageId}.',
      Level: 'Information',
      Properties: {
        IncomingMessage: {
          TypeTag: 'NotFoundSagaMessage',
          Properties: [
            {
              Property: null
            }
          ]
        },
        OriginatingHostId: 'Guid 1',
        MessageIntent: 'Send',
        OriginatingEndpoint: 'SerilogTestsNotFoundSagaMessage',
        OriginatingMachine: 'MachineName',
        ReplyToAddress: 'SerilogTestsNotFoundSagaMessage',
        SagaId: 'Guid 2',
        SagaType: 'TheSaga',
        IncomingMessageId: 'Guid 3',
        IncomingMessageType: 'NotFoundSagaMessage',
        CorrelationId: 'Guid 3',
        ConversationId: 'Guid 4',
        SourceContext: 'NotFoundSagaMessage',
        ProcessingEndpoint: 'SerilogTestsNotFoundSagaMessage'
      }
    },
    {
      MessageTemplate: 'Receive message {IncomingMessageType} {IncomingMessageId}.',
      Level: 'Information',
      Properties: {
        IncomingMessage: {
          TypeTag: 'NotFoundSagaMessage',
          Properties: [
            {
              Property: null
            }
          ]
        },
        OriginatingHostId: 'Guid 1',
        MessageIntent: 'Send',
        OriginatingEndpoint: 'SerilogTestsNotFoundSagaMessage',
        OriginatingMachine: 'MachineName',
        ReplyToAddress: 'SerilogTestsNotFoundSagaMessage',
        SagaId: 'Guid 2',
        SagaType: 'TheSaga',
        IncomingMessageId: 'Guid 3',
        IncomingMessageType: 'NotFoundSagaMessage',
        CorrelationId: 'Guid 3',
        ConversationId: 'Guid 4',
        SourceContext: 'NotFoundSagaMessage',
        ProcessingEndpoint: 'SerilogTestsNotFoundSagaMessage'
      }
    },
    {
      MessageTemplate: 'Receive message {IncomingMessageType} {IncomingMessageId}.',
      Level: 'Information',
      Properties: {
        IncomingMessage: {
          TypeTag: 'NotFoundSagaMessage',
          Properties: [
            {
              Property: null
            }
          ]
        },
        OriginatingHostId: 'Guid 1',
        MessageIntent: 'Send',
        OriginatingEndpoint: 'SerilogTestsNotFoundSagaMessage',
        OriginatingMachine: 'MachineName',
        ReplyToAddress: 'SerilogTestsNotFoundSagaMessage',
        Retries: '1',
        Retries.Timestamp: 'DateTime 1',
        SagaId: 'Guid 2',
        SagaType: 'TheSaga',
        IncomingMessageId: 'Guid 3',
        IncomingMessageType: 'NotFoundSagaMessage',
        CorrelationId: 'Guid 3',
        ConversationId: 'Guid 4',
        SourceContext: 'NotFoundSagaMessage',
        ProcessingEndpoint: 'SerilogTestsNotFoundSagaMessage'
      }
    },
    {
      MessageTemplate: 'Receive message {IncomingMessageType} {IncomingMessageId}.',
      Level: 'Information',
      Properties: {
        IncomingMessage: {
          TypeTag: 'NotFoundSagaMessage',
          Properties: [
            {
              Property: null
            }
          ]
        },
        OriginatingHostId: 'Guid 1',
        MessageIntent: 'Send',
        OriginatingEndpoint: 'SerilogTestsNotFoundSagaMessage',
        OriginatingMachine: 'MachineName',
        ReplyToAddress: 'SerilogTestsNotFoundSagaMessage',
        Retries: '1',
        Retries.Timestamp: 'DateTime 1',
        SagaId: 'Guid 2',
        SagaType: 'TheSaga',
        IncomingMessageId: 'Guid 3',
        IncomingMessageType: 'NotFoundSagaMessage',
        CorrelationId: 'Guid 3',
        ConversationId: 'Guid 4',
        SourceContext: 'NotFoundSagaMessage',
        ProcessingEndpoint: 'SerilogTestsNotFoundSagaMessage'
      }
    },
    {
      MessageTemplate: 'Sent message {OutgoingMessageType} {OutgoingMessageId}.',
      Level: 'Information',
      Properties: {
        OutgoingMessage: {
          TypeTag: 'NotFoundSagaMessage',
          Properties: [
            {
              Property: null
            }
          ]
        },
        UnicastRoutes: {
          Elements: [
            'SerilogTestsNotFoundSagaMessage'
          ]
        },
        OriginatingHostId: 'Guid 1',
        MessageIntent: 'Send',
        OriginatingEndpoint: 'SerilogTestsNotFoundSagaMessage',
        OriginatingMachine: 'MachineName',
        ReplyToAddress: 'SerilogTestsNotFoundSagaMessage',
        SagaId: 'Guid 2',
        SagaType: 'TheSaga',
        OutgoingMessageId: 'Guid 3',
        OutgoingMessageType: 'NotFoundSagaMessage',
        CorrelationId: 'Guid 3',
        ConversationId: 'Guid 4',
        SourceContext: 'NotFoundSagaMessage',
        ProcessingEndpoint: 'SerilogTestsNotFoundSagaMessage'
      }
    }
  ],
  logsWithExceptions: [
    {
      MessageTemplate: 'Immediate Retry is going to retry message \'00000000-0000-0000-0000-000000000001\' because of an exception:',
      Level: 'Information',
      Properties: {
        ProcessingEndpoint: 'SerilogTestsNotFoundSagaMessage',
        IncomingMessageId: 'Guid 3',
        IncomingMessageType: 'NotFoundSagaMessage',
        CorrelationId: 'Guid 3',
        ConversationId: 'Guid 4',
        HandlerType: 'NotFoundSaga',
        IncomingMessage: {
          TypeTag: 'NotFoundSagaMessage',
          Properties: [
            {
              Property: null
            }
          ]
        },
        IncomingHeaders: {
          Elements: {
            "NServiceBus.SagaId": 'Guid 2',
            "NServiceBus.SagaType": 'TheSaga',
            "NServiceBus.MessageId": 'Guid 3',
            "NServiceBus.MessageIntent": 'Send',
            "NServiceBus.ConversationId": 'Guid 4',
            "NServiceBus.CorrelationId": 'Guid 3',
            "NServiceBus.OriginatingMachine": 'MachineName',
            "NServiceBus.OriginatingEndpoint": 'SerilogTestsNotFoundSagaMessage',
            "$.diagnostics.originating.hostid": 'Guid 1',
            "NServiceBus.ReplyToAddress": 'SerilogTestsNotFoundSagaMessage',
            "NServiceBus.ContentType": 'text/xml',
            "NServiceBus.EnclosedMessageTypes": 'NotFoundSagaMessage, Tests, Version=1.0.0.0, Culture=neutral, PublicKeyToken=ce8ec7717ba6fbb6',
            "NServiceBus.Version": '7.1.7',
            "NServiceBus.TimeSent": 'DateTime 2'
          }
        },
        SourceContext: 'NServiceBus.RecoverabilityExecutor',
        ExceptionDetail: {
          Elements: {
            "Type": 'System.NullReferenceException',
            "HResult": -2147467261,
            "Message": 'Object reference not set to an instance of an object.',
            "Source": 'NServiceBus.Core'
          }
        }
      }
    },
    {
      MessageTemplate: 'Delayed Retry will reschedule message \'00000000-0000-0000-0000-000000000001\' after a delay of 00:00:00.0010000 because of an exception:',
      Level: 'Warning',
      Properties: {
        ProcessingEndpoint: 'SerilogTestsNotFoundSagaMessage',
        IncomingMessageId: 'Guid 3',
        IncomingMessageType: 'NotFoundSagaMessage',
        CorrelationId: 'Guid 3',
        ConversationId: 'Guid 4',
        HandlerType: 'NotFoundSaga',
        IncomingMessage: {
          TypeTag: 'NotFoundSagaMessage',
          Properties: [
            {
              Property: null
            }
          ]
        },
        IncomingHeaders: {
          Elements: {
            "NServiceBus.SagaId": 'Guid 2',
            "NServiceBus.SagaType": 'TheSaga',
            "NServiceBus.MessageId": 'Guid 3',
            "NServiceBus.MessageIntent": 'Send',
            "NServiceBus.ConversationId": 'Guid 4',
            "NServiceBus.CorrelationId": 'Guid 3',
            "NServiceBus.OriginatingMachine": 'MachineName',
            "NServiceBus.OriginatingEndpoint": 'SerilogTestsNotFoundSagaMessage',
            "$.diagnostics.originating.hostid": 'Guid 1',
            "NServiceBus.ReplyToAddress": 'SerilogTestsNotFoundSagaMessage',
            "NServiceBus.ContentType": 'text/xml',
            "NServiceBus.EnclosedMessageTypes": 'NotFoundSagaMessage, Tests, Version=1.0.0.0, Culture=neutral, PublicKeyToken=ce8ec7717ba6fbb6',
            "NServiceBus.Version": '7.1.7',
            "NServiceBus.TimeSent": 'DateTime 2'
          }
        },
        SourceContext: 'NServiceBus.RecoverabilityExecutor',
        ExceptionDetail: {
          Elements: {
            "Type": 'System.NullReferenceException',
            "HResult": -2147467261,
            "Message": 'Object reference not set to an instance of an object.',
            "Source": 'NServiceBus.Core'
          }
        }
      }
    },
    {
      MessageTemplate: 'Immediate Retry is going to retry message \'00000000-0000-0000-0000-000000000001\' because of an exception:',
      Level: 'Information',
      Properties: {
        ProcessingEndpoint: 'SerilogTestsNotFoundSagaMessage',
        IncomingMessageId: 'Guid 3',
        IncomingMessageType: 'NotFoundSagaMessage',
        CorrelationId: 'Guid 3',
        ConversationId: 'Guid 4',
        HandlerType: 'NotFoundSaga',
        IncomingMessage: {
          TypeTag: 'NotFoundSagaMessage',
          Properties: [
            {
              Property: null
            }
          ]
        },
        IncomingHeaders: {
          Elements: {
            "NServiceBus.SagaId": 'Guid 2',
            "NServiceBus.SagaType": 'TheSaga',
            "NServiceBus.MessageId": 'Guid 3',
            "NServiceBus.MessageIntent": 'Send',
            "NServiceBus.ConversationId": 'Guid 4',
            "NServiceBus.CorrelationId": 'Guid 3',
            "NServiceBus.OriginatingMachine": 'MachineName',
            "NServiceBus.OriginatingEndpoint": 'SerilogTestsNotFoundSagaMessage',
            "$.diagnostics.originating.hostid": 'Guid 1',
            "NServiceBus.ReplyToAddress": 'SerilogTestsNotFoundSagaMessage',
            "NServiceBus.ContentType": 'text/xml',
            "NServiceBus.EnclosedMessageTypes": 'NotFoundSagaMessage, Tests, Version=1.0.0.0, Culture=neutral, PublicKeyToken=ce8ec7717ba6fbb6',
            "NServiceBus.Version": '7.1.7',
            "NServiceBus.TimeSent": 'DateTime 2',
            "NServiceBus.Retries": '1',
            "NServiceBus.Retries.Timestamp": 'DateTime 1'
          }
        },
        SourceContext: 'NServiceBus.RecoverabilityExecutor',
        ExceptionDetail: {
          Elements: {
            "Type": 'System.NullReferenceException',
            "HResult": -2147467261,
            "Message": 'Object reference not set to an instance of an object.',
            "Source": 'NServiceBus.Core'
          }
        }
      }
    },
    {
      MessageTemplate: 'Moving message \'00000000-0000-0000-0000-000000000001\' to the error queue \'error\' because processing failed due to an exception:',
      Level: 'Error',
      Properties: {
        ProcessingEndpoint: 'SerilogTestsNotFoundSagaMessage',
        IncomingMessageId: 'Guid 3',
        IncomingMessageType: 'NotFoundSagaMessage',
        CorrelationId: 'Guid 3',
        ConversationId: 'Guid 4',
        HandlerType: 'NotFoundSaga',
        IncomingMessage: {
          TypeTag: 'NotFoundSagaMessage',
          Properties: [
            {
              Property: null
            }
          ]
        },
        IncomingHeaders: {
          Elements: {
            "NServiceBus.SagaId": 'Guid 2',
            "NServiceBus.SagaType": 'TheSaga',
            "NServiceBus.MessageId": 'Guid 3',
            "NServiceBus.MessageIntent": 'Send',
            "NServiceBus.ConversationId": 'Guid 4',
            "NServiceBus.CorrelationId": 'Guid 3',
            "NServiceBus.OriginatingMachine": 'MachineName',
            "NServiceBus.OriginatingEndpoint": 'SerilogTestsNotFoundSagaMessage',
            "$.diagnostics.originating.hostid": 'Guid 1',
            "NServiceBus.ReplyToAddress": 'SerilogTestsNotFoundSagaMessage',
            "NServiceBus.ContentType": 'text/xml',
            "NServiceBus.EnclosedMessageTypes": 'NotFoundSagaMessage, Tests, Version=1.0.0.0, Culture=neutral, PublicKeyToken=ce8ec7717ba6fbb6',
            "NServiceBus.Version": '7.1.7',
            "NServiceBus.TimeSent": 'DateTime 2',
            "NServiceBus.Retries": '1',
            "NServiceBus.Retries.Timestamp": 'DateTime 1'
          }
        },
        SourceContext: 'NServiceBus.RecoverabilityExecutor',
        ExceptionDetail: {
          Elements: {
            "Type": 'System.NullReferenceException',
            "HResult": -2147467261,
            "Message": 'Object reference not set to an instance of an object.',
            "Source": 'NServiceBus.Core'
          }
        }
      }
    }
  ]
}
