{
  logsForTarget: [
    {
      MessageTemplate: {
        Text: 'Receive message {IncomingMessageType} {IncomingMessageId}.'
      },
      Level: 'Information',
      Properties: {
        IncomingMessage: {
          TypeTag: 'StartHandlerThatLogs',
          Properties: []
        },
        OriginatingHostId: 'Guid 1',
        MessageIntent: 'Send',
        OriginatingEndpoint: 'SerilogTestsStartHandlerThatLogs',
        OriginatingMachine: 'MachineName',
        ReplyToAddress: 'SerilogTestsStartHandlerThatLogs',
        IncomingMessageId: 'Guid 2',
        IncomingMessageType: 'StartHandlerThatLogs',
        CorrelationId: 'Guid 2',
        ConversationId: 'Guid 3',
        SourceContext: 'StartHandlerThatLogs',
        ProcessingEndpoint: 'SerilogTestsStartHandlerThatLogs'
      }
    },
    {
      MessageTemplate: {
        Text: 'Sent message {OutgoingMessageType} {OutgoingMessageId}.'
      },
      Level: 'Information',
      Properties: {
        OutgoingMessage: {
          TypeTag: 'StartHandlerThatLogs',
          Properties: []
        },
        UnicastRoutes: {
          Elements: [
            'SerilogTestsStartHandlerThatLogs'
          ]
        },
        OriginatingHostId: 'Guid 1',
        MessageIntent: 'Send',
        OriginatingEndpoint: 'SerilogTestsStartHandlerThatLogs',
        OriginatingMachine: 'MachineName',
        ReplyToAddress: 'SerilogTestsStartHandlerThatLogs',
        OutgoingMessageId: 'Guid 2',
        OutgoingMessageType: 'StartHandlerThatLogs',
        CorrelationId: 'Guid 2',
        ConversationId: 'Guid 3',
        SourceContext: 'StartHandlerThatLogs',
        ProcessingEndpoint: 'SerilogTestsStartHandlerThatLogs'
      }
    }
  ],
  logsWithExceptions: [
    {
      MessageTemplate: {
        Text: 'The message'
      },
      Level: 'Error',
      Properties: {
        SourceContext: 'TheHandlerThatThrows',
        ExceptionDetail: {
          Elements: {
            "Type": 'System.Exception',
            "HResult": -2146233088,
            "Message": 'Exception of type \'System.Exception\' was thrown.',
            "Source": null
          }
        }
      },
      Exception: {
        ClassName: 'System.Exception',
        Message: null,
        Data: {},
        InnerException: null,
        HelpURL: null,
        RemoteStackIndex: 0,
        ExceptionMethod: null,
        HResult: -2146233088,
        Source: null,
        WatsonBuckets: null
      }
    }
  ]
}
