[
  {
    "Timestamp": "DateTimeOffset 1",
    "Level": 2,
    "MessageTemplate": {
      "Text": "Hello from {@Saga}. Message: {@Message}",
      "Tokens": {
        "$type": "MessageTemplateToken[]",
        "$values": [
          {
            "$type": "TextToken",
            "Length": 11,
            "Text": "Hello from "
          },
          {
            "$type": "PropertyToken",
            "Length": 7,
            "PropertyName": "Saga",
            "Destructuring": 2,
            "StartIndex": 11
          },
          {
            "$type": "TextToken",
            "Length": 11,
            "Text": ". Message: ",
            "StartIndex": 18
          },
          {
            "$type": "PropertyToken",
            "Length": 10,
            "PropertyName": "Message",
            "Destructuring": 2,
            "StartIndex": 29
          }
        ]
      }
    },
    "Properties": {
      "$type": "Dictionary`2",
      "Saga": {
        "$type": "ScalarValue",
        "Value": "TheSaga"
      },
      "Message": {
        "$type": "StructureValue",
        "TypeTag": "StartSaga",
        "Properties": {
          "$type": "LogEventProperty[]",
          "$values": [
            {
              "Name": "Property",
              "Value": {
                "$type": "ScalarValue",
                "Value": "TheProperty"
              }
            }
          ]
        }
      },
      "SourceContext": {
        "$type": "ScalarValue",
        "Value": "TheSaga"
      }
    }
  }
]