{
  "logsForTarget": [
    {
      "MessageTemplate": {
        "Text": "Hello from {@Saga}. Message: {@Message}",
        "Tokens": [
          {
            "Length": 11,
            "Text": "Hello from "
          },
          {
            "Length": 7,
            "PropertyName": "Saga",
            "Destructuring": "Destructure",
            "StartIndex": 11
          },
          {
            "Length": 11,
            "Text": ". Message: ",
            "StartIndex": 18
          },
          {
            "Length": 10,
            "PropertyName": "Message",
            "Destructuring": "Destructure",
            "StartIndex": 29
          }
        ]
      },
      "Level": "Information",
      "Properties": {
        "Saga": {
          "Value": "TheSaga"
        },
        "Message": {
          "TypeTag": "StartSaga",
          "Properties": [
            {
              "Name": "Property",
              "Value": {
                "Value": "TheProperty"
              }
            }
          ]
        },
        "Handler": {
          "Value": "TheSaga"
        },
        "MessageId": {
          "Value": "Guid 1"
        },
        "MessageType": {
          "Value": "StartSaga, Tests, Version=5.0.0.0, Culture=neutral, PublicKeyToken=ce8ec7717ba6fbb6"
        },
        "CorrelationId": {
          "Value": "Guid 1"
        },
        "ConversationId": {
          "Value": "Guid 2"
        },
        "SourceContext": {
          "Value": "StartSaga"
        },
        "ProcessingEndpoint": {
          "Value": "SerilogTestsClassic"
        }
      }
    },
    {
      "MessageTemplate": {
        "Text": "Receive message {MessageType} {MessageId}.",
        "Tokens": [
          {
            "Length": 16,
            "Text": "Receive message "
          },
          {
            "Length": 13,
            "PropertyName": "MessageType",
            "StartIndex": 16
          },
          {
            "Length": 1,
            "Text": " ",
            "StartIndex": 29
          },
          {
            "Length": 11,
            "PropertyName": "MessageId",
            "StartIndex": 30
          },
          {
            "Length": 1,
            "Text": ".",
            "StartIndex": 41
          }
        ]
      },
      "Level": "Information",
      "Properties": {
        "Message": {
          "TypeTag": "StartSaga",
          "Properties": [
            {
              "Name": "Property",
              "Value": {
                "Value": "TheProperty"
              }
            }
          ]
        },
        "MessageIntent": {
          "Value": "Send"
        },
        "OriginatingEndpoint": {
          "Value": "SerilogTestsClassic"
        },
        "OriginatingMachine": {
          "Value": "MachineName"
        },
        "ReplyToAddress": {
          "Value": "SerilogTestsClassic"
        },
        "MessageId": {
          "Value": "Guid 1"
        },
        "MessageType": {
          "Value": "StartSaga, Tests, Version=5.0.0.0, Culture=neutral, PublicKeyToken=ce8ec7717ba6fbb6"
        },
        "CorrelationId": {
          "Value": "Guid 1"
        },
        "ConversationId": {
          "Value": "Guid 2"
        },
        "SourceContext": {
          "Value": "StartSaga"
        },
        "ProcessingEndpoint": {
          "Value": "SerilogTestsClassic"
        }
      }
    },
    {
      "MessageTemplate": {
        "Text": "Saga execution '{SagaType}' '{SagaId}'.",
        "Tokens": [
          {
            "Length": 16,
            "Text": "Saga execution '"
          },
          {
            "Length": 10,
            "PropertyName": "SagaType",
            "StartIndex": 16
          },
          {
            "Length": 3,
            "Text": "' '",
            "StartIndex": 26
          },
          {
            "Length": 8,
            "PropertyName": "SagaId",
            "StartIndex": 29
          },
          {
            "Length": 2,
            "Text": "'.",
            "StartIndex": 37
          }
        ]
      },
      "Level": "Information",
      "Properties": {
        "SagaType": {
          "Value": "TheSaga"
        },
        "SagaId": {
          "Value": "Guid 3"
        },
        "StartTime": {
          "Value": "DateTime 1"
        },
        "FinishTime": {
          "Value": "DateTime 2"
        },
        "IsCompleted": {
          "Value": false
        },
        "IsNew": {
          "Value": true
        },
        "Initiator": {
          "TypeTag": "SagaChangeInitiator",
          "Properties": [
            {
              "Name": "InitiatingMessageId",
              "Value": {
                "Value": "Guid 1"
              }
            },
            {
              "Name": "MessageType",
              "Value": {
                "Value": "StartSaga"
              }
            },
            {
              "Name": "IsSagaTimeoutMessage",
              "Value": {
                "Value": false
              }
            },
            {
              "Name": "TimeSent",
              "Value": {
                "Value": "DateTime 3"
              }
            },
            {
              "Name": "OriginatingMachine",
              "Value": {
                "Value": "MachineName"
              }
            },
            {
              "Name": "OriginatingEndpoint",
              "Value": {
                "Value": "SerilogTestsClassic"
              }
            },
            {
              "Name": "Intent",
              "Value": {
                "Value": "Send"
              }
            }
          ]
        },
        "ResultingMessages": {
          "Elements": []
        },
        "Entity": {
          "TypeTag": "TheSagaData",
          "Properties": [
            {
              "Name": "Property",
              "Value": {
                "Value": "TheProperty"
              }
            },
            {
              "Name": "Id",
              "Value": {
                "Value": "Guid 3"
              }
            },
            {
              "Name": "Originator",
              "Value": {
                "Value": "SerilogTestsClassic"
              }
            },
            {
              "Name": "OriginalMessageId",
              "Value": {
                "Value": "Guid 1"
              }
            }
          ]
        },
        "MessageId": {
          "Value": "Guid 1"
        },
        "MessageType": {
          "Value": "StartSaga, Tests, Version=5.0.0.0, Culture=neutral, PublicKeyToken=ce8ec7717ba6fbb6"
        },
        "CorrelationId": {
          "Value": "Guid 1"
        },
        "ConversationId": {
          "Value": "Guid 2"
        },
        "SourceContext": {
          "Value": "StartSaga"
        },
        "ProcessingEndpoint": {
          "Value": "SerilogTestsClassic"
        }
      }
    },
    {
      "MessageTemplate": {
        "Text": "Sent message {MessageType} {MessageId}.",
        "Tokens": [
          {
            "Length": 13,
            "Text": "Sent message "
          },
          {
            "Length": 13,
            "PropertyName": "MessageType",
            "StartIndex": 13
          },
          {
            "Length": 1,
            "Text": " ",
            "StartIndex": 26
          },
          {
            "Length": 11,
            "PropertyName": "MessageId",
            "StartIndex": 27
          },
          {
            "Length": 1,
            "Text": ".",
            "StartIndex": 38
          }
        ]
      },
      "Level": "Information",
      "Properties": {
        "Message": {
          "TypeTag": "StartSaga",
          "Properties": [
            {
              "Name": "Property",
              "Value": {
                "Value": "TheProperty"
              }
            }
          ]
        },
        "MessageIntent": {
          "Value": "Send"
        },
        "OriginatingEndpoint": {
          "Value": "SerilogTestsClassic"
        },
        "OriginatingMachine": {
          "Value": "MachineName"
        },
        "ReplyToAddress": {
          "Value": "SerilogTestsClassic"
        },
        "MessageId": {
          "Value": "Guid 1"
        },
        "MessageType": {
          "Value": "StartSaga, Tests, Version=5.0.0.0, Culture=neutral, PublicKeyToken=ce8ec7717ba6fbb6"
        },
        "CorrelationId": {
          "Value": "Guid 1"
        },
        "ConversationId": {
          "Value": "Guid 2"
        },
        "SourceContext": {
          "Value": "StartSaga"
        },
        "ProcessingEndpoint": {
          "Value": "SerilogTestsClassic"
        }
      }
    }
  ]
}
