{
  "logsForTarget": [
    {
      "MessageTemplate": {
        "Text": "Receive message {MessageType} {MessageId}.",
        "Tokens": [
          {
            "Length": 16,
            "Text": "Receive message "
          },
          {
            "Length": 13,
            "PropertyName": "MessageType",
            "StartIndex": 16
          },
          {
            "Length": 1,
            "Text": " ",
            "StartIndex": 29
          },
          {
            "Length": 11,
            "PropertyName": "MessageId",
            "StartIndex": 30
          },
          {
            "Length": 1,
            "Text": ".",
            "StartIndex": 41
          }
        ]
      },
      "Level": "Information",
      "Properties": {
        "Message": {
          "TypeTag": "StartHandlerThatThrows",
          "Properties": [
            {
              "Name": "Property",
              "Value": {
                "Value": "TheProperty"
              }
            }
          ]
        },
        "OriginatingHostId": {
          "Value": "Guid 1"
        },
        "MessageIntent": {
          "Value": "Send"
        },
        "OriginatingEndpoint": {
          "Value": "SerilogTestsCore"
        },
        "OriginatingMachine": {
          "Value": "MachineName"
        },
        "ReplyToAddress": {
          "Value": "SerilogTestsCore"
        },
        "MessageId": {
          "Value": "Guid 2"
        },
        "MessageType": {
          "Value": "StartHandlerThatThrows"
        },
        "CorrelationId": {
          "Value": "Guid 2"
        },
        "ConversationId": {
          "Value": "Guid 3"
        },
        "SourceContext": {
          "Value": "StartHandlerThatThrows"
        },
        "ProcessingEndpoint": {
          "Value": "SerilogTestsCore"
        }
      }
    },
    {
      "MessageTemplate": {
        "Text": "Receive message {MessageType} {MessageId}.",
        "Tokens": [
          {
            "Length": 16,
            "Text": "Receive message "
          },
          {
            "Length": 13,
            "PropertyName": "MessageType",
            "StartIndex": 16
          },
          {
            "Length": 1,
            "Text": " ",
            "StartIndex": 29
          },
          {
            "Length": 11,
            "PropertyName": "MessageId",
            "StartIndex": 30
          },
          {
            "Length": 1,
            "Text": ".",
            "StartIndex": 41
          }
        ]
      },
      "Level": "Information",
      "Properties": {
        "Message": {
          "TypeTag": "StartHandlerThatThrows",
          "Properties": [
            {
              "Name": "Property",
              "Value": {
                "Value": "TheProperty"
              }
            }
          ]
        },
        "OriginatingHostId": {
          "Value": "Guid 1"
        },
        "MessageIntent": {
          "Value": "Send"
        },
        "OriginatingEndpoint": {
          "Value": "SerilogTestsCore"
        },
        "OriginatingMachine": {
          "Value": "MachineName"
        },
        "ReplyToAddress": {
          "Value": "SerilogTestsCore"
        },
        "MessageId": {
          "Value": "Guid 2"
        },
        "MessageType": {
          "Value": "StartHandlerThatThrows"
        },
        "CorrelationId": {
          "Value": "Guid 2"
        },
        "ConversationId": {
          "Value": "Guid 3"
        },
        "SourceContext": {
          "Value": "StartHandlerThatThrows"
        },
        "ProcessingEndpoint": {
          "Value": "SerilogTestsCore"
        }
      }
    },
    {
      "MessageTemplate": {
        "Text": "Receive message {MessageType} {MessageId}.",
        "Tokens": [
          {
            "Length": 16,
            "Text": "Receive message "
          },
          {
            "Length": 13,
            "PropertyName": "MessageType",
            "StartIndex": 16
          },
          {
            "Length": 1,
            "Text": " ",
            "StartIndex": 29
          },
          {
            "Length": 11,
            "PropertyName": "MessageId",
            "StartIndex": 30
          },
          {
            "Length": 1,
            "Text": ".",
            "StartIndex": 41
          }
        ]
      },
      "Level": "Information",
      "Properties": {
        "Message": {
          "TypeTag": "StartHandlerThatThrows",
          "Properties": [
            {
              "Name": "Property",
              "Value": {
                "Value": "TheProperty"
              }
            }
          ]
        },
        "OriginatingHostId": {
          "Value": "Guid 1"
        },
        "MessageIntent": {
          "Value": "Send"
        },
        "OriginatingEndpoint": {
          "Value": "SerilogTestsCore"
        },
        "OriginatingMachine": {
          "Value": "MachineName"
        },
        "ReplyToAddress": {
          "Value": "SerilogTestsCore"
        },
        "Retries": {
          "Value": "1"
        },
        "Retries.Timestamp": {
          "Value": "DateTime 1"
        },
        "MessageId": {
          "Value": "Guid 2"
        },
        "MessageType": {
          "Value": "StartHandlerThatThrows"
        },
        "CorrelationId": {
          "Value": "Guid 2"
        },
        "ConversationId": {
          "Value": "Guid 3"
        },
        "SourceContext": {
          "Value": "StartHandlerThatThrows"
        },
        "ProcessingEndpoint": {
          "Value": "SerilogTestsCore"
        }
      }
    },
    {
      "MessageTemplate": {
        "Text": "Receive message {MessageType} {MessageId}.",
        "Tokens": [
          {
            "Length": 16,
            "Text": "Receive message "
          },
          {
            "Length": 13,
            "PropertyName": "MessageType",
            "StartIndex": 16
          },
          {
            "Length": 1,
            "Text": " ",
            "StartIndex": 29
          },
          {
            "Length": 11,
            "PropertyName": "MessageId",
            "StartIndex": 30
          },
          {
            "Length": 1,
            "Text": ".",
            "StartIndex": 41
          }
        ]
      },
      "Level": "Information",
      "Properties": {
        "Message": {
          "TypeTag": "StartHandlerThatThrows",
          "Properties": [
            {
              "Name": "Property",
              "Value": {
                "Value": "TheProperty"
              }
            }
          ]
        },
        "OriginatingHostId": {
          "Value": "Guid 1"
        },
        "MessageIntent": {
          "Value": "Send"
        },
        "OriginatingEndpoint": {
          "Value": "SerilogTestsCore"
        },
        "OriginatingMachine": {
          "Value": "MachineName"
        },
        "ReplyToAddress": {
          "Value": "SerilogTestsCore"
        },
        "Retries": {
          "Value": "1"
        },
        "Retries.Timestamp": {
          "Value": "DateTime 1"
        },
        "MessageId": {
          "Value": "Guid 2"
        },
        "MessageType": {
          "Value": "StartHandlerThatThrows"
        },
        "CorrelationId": {
          "Value": "Guid 2"
        },
        "ConversationId": {
          "Value": "Guid 3"
        },
        "SourceContext": {
          "Value": "StartHandlerThatThrows"
        },
        "ProcessingEndpoint": {
          "Value": "SerilogTestsCore"
        }
      }
    },
    {
      "MessageTemplate": {
        "Text": "Sent message {MessageType} {MessageId}.",
        "Tokens": [
          {
            "Length": 13,
            "Text": "Sent message "
          },
          {
            "Length": 13,
            "PropertyName": "MessageType",
            "StartIndex": 13
          },
          {
            "Length": 1,
            "Text": " ",
            "StartIndex": 26
          },
          {
            "Length": 11,
            "PropertyName": "MessageId",
            "StartIndex": 27
          },
          {
            "Length": 1,
            "Text": ".",
            "StartIndex": 38
          }
        ]
      },
      "Level": "Information",
      "Properties": {
        "Message": {
          "TypeTag": "StartHandlerThatThrows",
          "Properties": [
            {
              "Name": "Property",
              "Value": {
                "Value": "TheProperty"
              }
            }
          ]
        },
        "OriginatingHostId": {
          "Value": "Guid 1"
        },
        "MessageIntent": {
          "Value": "Send"
        },
        "OriginatingEndpoint": {
          "Value": "SerilogTestsCore"
        },
        "OriginatingMachine": {
          "Value": "MachineName"
        },
        "ReplyToAddress": {
          "Value": "SerilogTestsCore"
        },
        "MessageId": {
          "Value": "Guid 2"
        },
        "MessageType": {
          "Value": "StartHandlerThatThrows"
        },
        "CorrelationId": {
          "Value": "Guid 2"
        },
        "ConversationId": {
          "Value": "Guid 3"
        },
        "SourceContext": {
          "Value": "StartHandlerThatThrows"
        },
        "ProcessingEndpoint": {
          "Value": "SerilogTestsCore"
        }
      }
    }
  ],
  "logsWithExceptions": [
    {
      "MessageTemplate": {
        "Text": "Immediate Retry is going to retry message '00000000-0000-0000-0000-000000000001' because of an exception:",
        "Tokens": [
          {
            "Length": 105,
            "Text": "Immediate Retry is going to retry message '00000000-0000-0000-0000-000000000001' because of an exception:"
          }
        ]
      },
      "Level": "Information",
      "Properties": {
        "SourceContext": {
          "Value": "NServiceBus.RecoverabilityExecutor"
        },
        "ExceptionDetail": {
          "Elements": {
            "\"Type\"": {
              "Value": "System.Exception"
            },
            "\"Data\"": {
              "Elements": {
                "\"ProcessingEndpoint\"": {
                  "Value": "SerilogTestsCore"
                },
                "\"MessageType\"": {
                  "Value": "StartHandlerThatThrows"
                },
                "\"MessageId\"": {
                  "Value": "Guid 2"
                },
                "\"MessageIntent\"": {
                  "Value": "Send"
                },
                "\"ConversationId\"": {
                  "Value": "Guid 3"
                },
                "\"CorrelationId\"": {
                  "Value": "Guid 2"
                },
                "\"OriginatingMachine\"": {
                  "Value": "MachineName"
                },
                "\"OriginatingEndpoint\"": {
                  "Value": "SerilogTestsCore"
                },
                "\"OriginatingHostId\"": {
                  "Value": "Guid 1"
                },
                "\"ReplyToAddress\"": {
                  "Value": "SerilogTestsCore"
                },
                "\"ContentType\"": {
                  "Value": "text/xml"
                },
                "\"NServiceBusVersion\"": {
                  "Value": "7.1.4"
                },
                "\"TimeSent\"": {
                  "Value": "DateTime 2"
                }
              }
            },
            "\"HResult\"": {
              "Value": -2146233088
            },
            "\"Message\"": {
              "Value": "Exception of type 'System.Exception' was thrown."
            },
            "\"Source\"": {
              "Value": "Tests"
            }
          }
        }
      },
      "Exception": {
        "ClassName": "System.Exception",
        "Message": null,
        "Data": {
          "ProcessingEndpoint": "SerilogTestsCore",
          "MessageType": "StartHandlerThatThrows",
          "MessageId": "Guid 2",
          "MessageIntent": "Send",
          "ConversationId": "Guid 3",
          "CorrelationId": "Guid 2",
          "OriginatingMachine": "MachineName",
          "OriginatingEndpoint": "SerilogTestsCore",
          "OriginatingHostId": "Guid 1",
          "ReplyToAddress": "SerilogTestsCore",
          "ContentType": "text/xml",
          "NServiceBusVersion": "7.1.4",
          "TimeSent": "DateTime 2"
        },
        "InnerException": null,
        "HelpURL": null,
        "RemoteStackIndex": 0,
        "ExceptionMethod": null,
        "HResult": -2146233088,
        "Source": "Tests",
        "WatsonBuckets": null
      }
    },
    {
      "MessageTemplate": {
        "Text": "Delayed Retry will reschedule message '00000000-0000-0000-0000-000000000001' after a delay of 00:00:00.0010000 because of an exception:",
        "Tokens": [
          {
            "Length": 135,
            "Text": "Delayed Retry will reschedule message '00000000-0000-0000-0000-000000000001' after a delay of 00:00:00.0010000 because of an exception:"
          }
        ]
      },
      "Level": "Warning",
      "Properties": {
        "SourceContext": {
          "Value": "NServiceBus.RecoverabilityExecutor"
        },
        "ExceptionDetail": {
          "Elements": {
            "\"Type\"": {
              "Value": "System.Exception"
            },
            "\"Data\"": {
              "Elements": {
                "\"ProcessingEndpoint\"": {
                  "Value": "SerilogTestsCore"
                },
                "\"MessageType\"": {
                  "Value": "StartHandlerThatThrows"
                },
                "\"MessageId\"": {
                  "Value": "Guid 2"
                },
                "\"MessageIntent\"": {
                  "Value": "Send"
                },
                "\"ConversationId\"": {
                  "Value": "Guid 3"
                },
                "\"CorrelationId\"": {
                  "Value": "Guid 2"
                },
                "\"OriginatingMachine\"": {
                  "Value": "MachineName"
                },
                "\"OriginatingEndpoint\"": {
                  "Value": "SerilogTestsCore"
                },
                "\"OriginatingHostId\"": {
                  "Value": "Guid 1"
                },
                "\"ReplyToAddress\"": {
                  "Value": "SerilogTestsCore"
                },
                "\"ContentType\"": {
                  "Value": "text/xml"
                },
                "\"NServiceBusVersion\"": {
                  "Value": "7.1.4"
                },
                "\"TimeSent\"": {
                  "Value": "DateTime 2"
                }
              }
            },
            "\"HResult\"": {
              "Value": -2146233088
            },
            "\"Message\"": {
              "Value": "Exception of type 'System.Exception' was thrown."
            },
            "\"Source\"": {
              "Value": "Tests"
            }
          }
        }
      },
      "Exception": {
        "ClassName": "System.Exception",
        "Message": null,
        "Data": {
          "ProcessingEndpoint": "SerilogTestsCore",
          "MessageType": "StartHandlerThatThrows",
          "MessageId": "Guid 2",
          "MessageIntent": "Send",
          "ConversationId": "Guid 3",
          "CorrelationId": "Guid 2",
          "OriginatingMachine": "MachineName",
          "OriginatingEndpoint": "SerilogTestsCore",
          "OriginatingHostId": "Guid 1",
          "ReplyToAddress": "SerilogTestsCore",
          "ContentType": "text/xml",
          "NServiceBusVersion": "7.1.4",
          "TimeSent": "DateTime 2"
        },
        "InnerException": null,
        "HelpURL": null,
        "RemoteStackIndex": 0,
        "ExceptionMethod": null,
        "HResult": -2146233088,
        "Source": "Tests",
        "WatsonBuckets": null
      }
    },
    {
      "MessageTemplate": {
        "Text": "Immediate Retry is going to retry message '00000000-0000-0000-0000-000000000001' because of an exception:",
        "Tokens": [
          {
            "Length": 105,
            "Text": "Immediate Retry is going to retry message '00000000-0000-0000-0000-000000000001' because of an exception:"
          }
        ]
      },
      "Level": "Information",
      "Properties": {
        "SourceContext": {
          "Value": "NServiceBus.RecoverabilityExecutor"
        },
        "ExceptionDetail": {
          "Elements": {
            "\"Type\"": {
              "Value": "System.Exception"
            },
            "\"Data\"": {
              "Elements": {
                "\"ProcessingEndpoint\"": {
                  "Value": "SerilogTestsCore"
                },
                "\"MessageType\"": {
                  "Value": "StartHandlerThatThrows"
                },
                "\"MessageId\"": {
                  "Value": "Guid 2"
                },
                "\"MessageIntent\"": {
                  "Value": "Send"
                },
                "\"ConversationId\"": {
                  "Value": "Guid 3"
                },
                "\"CorrelationId\"": {
                  "Value": "Guid 2"
                },
                "\"OriginatingMachine\"": {
                  "Value": "MachineName"
                },
                "\"OriginatingEndpoint\"": {
                  "Value": "SerilogTestsCore"
                },
                "\"OriginatingHostId\"": {
                  "Value": "Guid 1"
                },
                "\"ReplyToAddress\"": {
                  "Value": "SerilogTestsCore"
                },
                "\"ContentType\"": {
                  "Value": "text/xml"
                },
                "\"NServiceBusVersion\"": {
                  "Value": "7.1.4"
                },
                "\"TimeSent\"": {
                  "Value": "DateTime 2"
                },
                "\"Retries\"": {
                  "Value": "1"
                },
                "\"Retries.Timestamp\"": {
                  "Value": "DateTime 1"
                }
              }
            },
            "\"HResult\"": {
              "Value": -2146233088
            },
            "\"Message\"": {
              "Value": "Exception of type 'System.Exception' was thrown."
            },
            "\"Source\"": {
              "Value": "Tests"
            }
          }
        }
      },
      "Exception": {
        "ClassName": "System.Exception",
        "Message": null,
        "Data": {
          "ProcessingEndpoint": "SerilogTestsCore",
          "MessageType": "StartHandlerThatThrows",
          "MessageId": "Guid 2",
          "MessageIntent": "Send",
          "ConversationId": "Guid 3",
          "CorrelationId": "Guid 2",
          "OriginatingMachine": "MachineName",
          "OriginatingEndpoint": "SerilogTestsCore",
          "OriginatingHostId": "Guid 1",
          "ReplyToAddress": "SerilogTestsCore",
          "ContentType": "text/xml",
          "NServiceBusVersion": "7.1.4",
          "TimeSent": "DateTime 2",
          "Retries": "1",
          "Retries.Timestamp": "DateTime 1"
        },
        "InnerException": null,
        "HelpURL": null,
        "RemoteStackIndex": 0,
        "ExceptionMethod": null,
        "HResult": -2146233088,
        "Source": "Tests",
        "WatsonBuckets": null
      }
    },
    {
      "MessageTemplate": {
        "Text": "Moving message '00000000-0000-0000-0000-000000000001' to the error queue 'error' because processing failed due to an exception:",
        "Tokens": [
          {
            "Length": 127,
            "Text": "Moving message '00000000-0000-0000-0000-000000000001' to the error queue 'error' because processing failed due to an exception:"
          }
        ]
      },
      "Level": "Error",
      "Properties": {
        "SourceContext": {
          "Value": "NServiceBus.RecoverabilityExecutor"
        },
        "ExceptionDetail": {
          "Elements": {
            "\"Type\"": {
              "Value": "System.Exception"
            },
            "\"Data\"": {
              "Elements": {
                "\"ProcessingEndpoint\"": {
                  "Value": "SerilogTestsCore"
                },
                "\"MessageType\"": {
                  "Value": "StartHandlerThatThrows"
                },
                "\"MessageId\"": {
                  "Value": "Guid 2"
                },
                "\"MessageIntent\"": {
                  "Value": "Send"
                },
                "\"ConversationId\"": {
                  "Value": "Guid 3"
                },
                "\"CorrelationId\"": {
                  "Value": "Guid 2"
                },
                "\"OriginatingMachine\"": {
                  "Value": "MachineName"
                },
                "\"OriginatingEndpoint\"": {
                  "Value": "SerilogTestsCore"
                },
                "\"OriginatingHostId\"": {
                  "Value": "Guid 1"
                },
                "\"ReplyToAddress\"": {
                  "Value": "SerilogTestsCore"
                },
                "\"ContentType\"": {
                  "Value": "text/xml"
                },
                "\"NServiceBusVersion\"": {
                  "Value": "7.1.4"
                },
                "\"TimeSent\"": {
                  "Value": "DateTime 2"
                },
                "\"Retries\"": {
                  "Value": "1"
                },
                "\"Retries.Timestamp\"": {
                  "Value": "DateTime 1"
                }
              }
            },
            "\"HResult\"": {
              "Value": -2146233088
            },
            "\"Message\"": {
              "Value": "Exception of type 'System.Exception' was thrown."
            },
            "\"Source\"": {
              "Value": "Tests"
            }
          }
        }
      },
      "Exception": {
        "ClassName": "System.Exception",
        "Message": null,
        "Data": {
          "ProcessingEndpoint": "SerilogTestsCore",
          "MessageType": "StartHandlerThatThrows",
          "MessageId": "Guid 2",
          "MessageIntent": "Send",
          "ConversationId": "Guid 3",
          "CorrelationId": "Guid 2",
          "OriginatingMachine": "MachineName",
          "OriginatingEndpoint": "SerilogTestsCore",
          "OriginatingHostId": "Guid 1",
          "ReplyToAddress": "SerilogTestsCore",
          "ContentType": "text/xml",
          "NServiceBusVersion": "7.1.4",
          "TimeSent": "DateTime 2",
          "Retries": "1",
          "Retries.Timestamp": "DateTime 1"
        },
        "InnerException": null,
        "HelpURL": null,
        "RemoteStackIndex": 0,
        "ExceptionMethod": null,
        "HResult": -2146233088,
        "Source": "Tests",
        "WatsonBuckets": null
      }
    }
  ]
}
