Expected to find a ILogger in the pipeline context. It is possible a call to SerilogTracingExtensions.EnableSerilogTracing is missing.